Analysis & Synthesis report for Crossbar
Fri Aug 31 08:28:57 2018
Quartus II Version 9.1 Build 350 03/24/2010 Service Pack 2 SJ Web Edition


---------------------
; Table of Contents ;
---------------------
  1. Legal Notice
  2. Analysis & Synthesis Summary
  3. Analysis & Synthesis Settings
  4. Parallel Compilation
  5. Analysis & Synthesis Source Files Read
  6. Analysis & Synthesis Resource Usage Summary
  7. Analysis & Synthesis Resource Utilization by Entity
  8. Registers Removed During Synthesis
  9. Removed Registers Triggering Further Register Optimizations
 10. General Register Statistics
 11. Multiplexer Restructuring Statistics (Restructuring Performed)
 12. Parameter Settings for User Entity Instance: Top-level Entity: |Crossbar
 13. Analysis & Synthesis Messages
 14. Analysis & Synthesis Suppressed Messages



----------------
; Legal Notice ;
----------------
Copyright (C) 1991-2010 Altera Corporation
Your use of Altera Corporation's design tools, logic functions 
and other software and tools, and its AMPP partner logic 
functions, and any output files from any of the foregoing 
(including device programming or simulation files), and any 
associated documentation or information are expressly subject 
to the terms and conditions of the Altera Program License 
Subscription Agreement, Altera MegaCore Function License 
Agreement, or other applicable license agreement, including, 
without limitation, that your use is for the sole purpose of 
programming logic devices manufactured by Altera and sold by 
Altera or its authorized distributors.  Please refer to the 
applicable agreement for further details.



+-----------------------------------------------------------------------------------+
; Analysis & Synthesis Summary                                                      ;
+------------------------------------+----------------------------------------------+
; Analysis & Synthesis Status        ; Successful - Fri Aug 31 08:28:56 2018        ;
; Quartus II Version                 ; 9.1 Build 350 03/24/2010 SP 2 SJ Web Edition ;
; Revision Name                      ; Crossbar                                     ;
; Top-level Entity Name              ; Crossbar                                     ;
; Family                             ; Cyclone IV E                                 ;
; Total logic elements               ; 351                                          ;
;     Total combinational functions  ; 351                                          ;
;     Dedicated logic registers      ; 203                                          ;
; Total registers                    ; 203                                          ;
; Total pins                         ; 395                                          ;
; Total virtual pins                 ; 0                                            ;
; Total memory bits                  ; 0                                            ;
; Embedded Multiplier 9-bit elements ; 0                                            ;
; Total PLLs                         ; 0                                            ;
+------------------------------------+----------------------------------------------+


+----------------------------------------------------------------------------------------------------------------------+
; Analysis & Synthesis Settings                                                                                        ;
+----------------------------------------------------------------------------+--------------------+--------------------+
; Option                                                                     ; Setting            ; Default Value      ;
+----------------------------------------------------------------------------+--------------------+--------------------+
; Device                                                                     ; EP4CE30F29C8L      ;                    ;
; Top-level entity name                                                      ; Crossbar           ; Crossbar           ;
; Family name                                                                ; Cyclone IV E       ; Stratix II         ;
; Verilog Show LMF Mapping Messages                                          ; Off                ;                    ;
; Verilog Version                                                            ; SystemVerilog_2005 ; Verilog_2001       ;
; Type of Retiming Performed During Resynthesis                              ; Full               ;                    ;
; Resynthesis Optimization Effort                                            ; Normal             ;                    ;
; Physical Synthesis Level for Resynthesis                                   ; Normal             ;                    ;
; Use Generated Physical Constraints File                                    ; On                 ;                    ;
; Use smart compilation                                                      ; Off                ; Off                ;
; Enable parallel Assembler and TimeQuest Timing Analyzer during compilation ; On                 ; On                 ;
; Enable compact report table                                                ; Off                ; Off                ;
; Restructure Multiplexers                                                   ; Auto               ; Auto               ;
; Create Debugging Nodes for IP Cores                                        ; Off                ; Off                ;
; Preserve fewer node names                                                  ; On                 ; On                 ;
; Disable OpenCore Plus hardware evaluation                                  ; Off                ; Off                ;
; VHDL Version                                                               ; VHDL_1993          ; VHDL_1993          ;
; State Machine Processing                                                   ; Auto               ; Auto               ;
; Safe State Machine                                                         ; Off                ; Off                ;
; Extract Verilog State Machines                                             ; On                 ; On                 ;
; Extract VHDL State Machines                                                ; On                 ; On                 ;
; Ignore Verilog initial constructs                                          ; Off                ; Off                ;
; Iteration limit for constant Verilog loops                                 ; 5000               ; 5000               ;
; Iteration limit for non-constant Verilog loops                             ; 250                ; 250                ;
; Add Pass-Through Logic to Inferred RAMs                                    ; On                 ; On                 ;
; Parallel Synthesis                                                         ; On                 ; On                 ;
; DSP Block Balancing                                                        ; Auto               ; Auto               ;
; NOT Gate Push-Back                                                         ; On                 ; On                 ;
; Power-Up Don't Care                                                        ; On                 ; On                 ;
; Remove Redundant Logic Cells                                               ; Off                ; Off                ;
; Remove Duplicate Registers                                                 ; On                 ; On                 ;
; Ignore CARRY Buffers                                                       ; Off                ; Off                ;
; Ignore CASCADE Buffers                                                     ; Off                ; Off                ;
; Ignore GLOBAL Buffers                                                      ; Off                ; Off                ;
; Ignore ROW GLOBAL Buffers                                                  ; Off                ; Off                ;
; Ignore LCELL Buffers                                                       ; Off                ; Off                ;
; Ignore SOFT Buffers                                                        ; On                 ; On                 ;
; Limit AHDL Integers to 32 Bits                                             ; Off                ; Off                ;
; Optimization Technique                                                     ; Balanced           ; Balanced           ;
; Carry Chain Length                                                         ; 70                 ; 70                 ;
; Auto Carry Chains                                                          ; On                 ; On                 ;
; Auto Open-Drain Pins                                                       ; On                 ; On                 ;
; Perform WYSIWYG Primitive Resynthesis                                      ; Off                ; Off                ;
; Auto ROM Replacement                                                       ; On                 ; On                 ;
; Auto RAM Replacement                                                       ; On                 ; On                 ;
; Auto DSP Block Replacement                                                 ; On                 ; On                 ;
; Auto Shift Register Replacement                                            ; Auto               ; Auto               ;
; Auto Clock Enable Replacement                                              ; On                 ; On                 ;
; Strict RAM Replacement                                                     ; Off                ; Off                ;
; Allow Synchronous Control Signals                                          ; On                 ; On                 ;
; Force Use of Synchronous Clear Signals                                     ; Off                ; Off                ;
; Auto RAM Block Balancing                                                   ; On                 ; On                 ;
; Auto RAM to Logic Cell Conversion                                          ; Off                ; Off                ;
; Auto Resource Sharing                                                      ; Off                ; Off                ;
; Allow Any RAM Size For Recognition                                         ; Off                ; Off                ;
; Allow Any ROM Size For Recognition                                         ; Off                ; Off                ;
; Allow Any Shift Register Size For Recognition                              ; Off                ; Off                ;
; Use LogicLock Constraints during Resource Balancing                        ; On                 ; On                 ;
; Ignore translate_off and synthesis_off directives                          ; Off                ; Off                ;
; Timing-Driven Synthesis                                                    ; On                 ; On                 ;
; Show Parameter Settings Tables in Synthesis Report                         ; On                 ; On                 ;
; Ignore Maximum Fan-Out Assignments                                         ; Off                ; Off                ;
; Synchronization Register Chain Length                                      ; 2                  ; 2                  ;
; PowerPlay Power Optimization                                               ; Normal compilation ; Normal compilation ;
; HDL message level                                                          ; Level2             ; Level2             ;
; Suppress Register Optimization Related Messages                            ; Off                ; Off                ;
; Number of Removed Registers Reported in Synthesis Report                   ; 5000               ; 5000               ;
; Number of Inverted Registers Reported in Synthesis Report                  ; 100                ; 100                ;
; Clock MUX Protection                                                       ; On                 ; On                 ;
; Auto Gated Clock Conversion                                                ; Off                ; Off                ;
; Block Design Naming                                                        ; Auto               ; Auto               ;
; SDC constraint protection                                                  ; Off                ; Off                ;
; Synthesis Effort                                                           ; Auto               ; Auto               ;
; Shift Register Replacement - Allow Asynchronous Clear Signal               ; On                 ; On                 ;
; Analysis & Synthesis Message Level                                         ; Medium             ; Medium             ;
; Disable Register Merging Across Hierarchies                                ; Auto               ; Auto               ;
; Resource Aware Inference For Block RAM                                     ; On                 ; On                 ;
+----------------------------------------------------------------------------+--------------------+--------------------+


Parallel compilation was disabled, but you have multiple processors available. Enable parallel compilation to reduce compilation time.
+-------------------------------------+
; Parallel Compilation                ;
+----------------------------+--------+
; Processors                 ; Number ;
+----------------------------+--------+
; Number detected on machine ; 4      ;
; Maximum allowed            ; 1      ;
+----------------------------+--------+


+-------------------------------------------------------------------------------------------------------------------------------+
; Analysis & Synthesis Source Files Read                                                                                        ;
+----------------------------------+-----------------+------------------------+-------------------------------------------------+
; File Name with User-Entered Path ; Used in Netlist ; File Type              ; File Name with Absolute Path                    ;
+----------------------------------+-----------------+------------------------+-------------------------------------------------+
; Crossbar.v                       ; yes             ; User Verilog HDL File  ; C:/Projects/QuartusProjects/Crossbar/Crossbar.v ;
+----------------------------------+-----------------+------------------------+-------------------------------------------------+


+---------------------------------------------------------+
; Analysis & Synthesis Resource Usage Summary             ;
+---------------------------------------------+-----------+
; Resource                                    ; Usage     ;
+---------------------------------------------+-----------+
; Estimated Total logic elements              ; 351       ;
;                                             ;           ;
; Total combinational functions               ; 351       ;
; Logic element usage by number of LUT inputs ;           ;
;     -- 4 input functions                    ; 111       ;
;     -- 3 input functions                    ; 231       ;
;     -- <=2 input functions                  ; 9         ;
;                                             ;           ;
; Logic elements by mode                      ;           ;
;     -- normal mode                          ; 351       ;
;     -- arithmetic mode                      ; 0         ;
;                                             ;           ;
; Total registers                             ; 203       ;
;     -- Dedicated logic registers            ; 203       ;
;     -- I/O registers                        ; 0         ;
;                                             ;           ;
; I/O pins                                    ; 395       ;
; Maximum fan-out node                        ; clk~input ;
; Maximum fan-out                             ; 203       ;
; Total fan-out                               ; 2342      ;
; Average fan-out                             ; 1.74      ;
+---------------------------------------------+-----------+


+-----------------------------------------------------------------------------------------------------------------------------------------------------------------------------+
; Analysis & Synthesis Resource Utilization by Entity                                                                                                                         ;
+----------------------------+-------------------+--------------+-------------+--------------+---------+-----------+------+--------------+---------------------+--------------+
; Compilation Hierarchy Node ; LC Combinationals ; LC Registers ; Memory Bits ; DSP Elements ; DSP 9x9 ; DSP 18x18 ; Pins ; Virtual Pins ; Full Hierarchy Name ; Library Name ;
+----------------------------+-------------------+--------------+-------------+--------------+---------+-----------+------+--------------+---------------------+--------------+
; |Crossbar                  ; 351 (351)         ; 203 (203)    ; 0           ; 0            ; 0       ; 0         ; 395  ; 0            ; |Crossbar           ; work         ;
+----------------------------+-------------------+--------------+-------------+--------------+---------+-----------+------+--------------+---------------------+--------------+
Note: For table entries with two numbers listed, the numbers in parentheses indicate the number of resources of the given type used by the specific entity alone. The numbers listed outside of parentheses indicate the total resources of the given type used by the specific entity and all of its sub-entities in the hierarchy.


+---------------------------------------------------------------------------------+
; Registers Removed During Synthesis                                              ;
+----------------------------------------+----------------------------------------+
; Register name                          ; Reason for Removal                     ;
+----------------------------------------+----------------------------------------+
; rr[2..31]                              ; Merged with rr[1]                      ;
; state[0][4]                            ; Merged with state[0][3]                ;
; state[0][5]                            ; Merged with state[0][3]                ;
; state[0][6]                            ; Merged with state[0][3]                ;
; state[0][7]                            ; Merged with state[0][3]                ;
; state[0][8]                            ; Merged with state[0][3]                ;
; state[0][9]                            ; Merged with state[0][3]                ;
; state[0][10]                           ; Merged with state[0][3]                ;
; state[0][11]                           ; Merged with state[0][3]                ;
; state[0][12]                           ; Merged with state[0][3]                ;
; state[0][13]                           ; Merged with state[0][3]                ;
; state[0][14]                           ; Merged with state[0][3]                ;
; state[0][15]                           ; Merged with state[0][3]                ;
; state[0][16]                           ; Merged with state[0][3]                ;
; state[0][17]                           ; Merged with state[0][3]                ;
; state[0][18]                           ; Merged with state[0][3]                ;
; state[0][19]                           ; Merged with state[0][3]                ;
; state[0][20]                           ; Merged with state[0][3]                ;
; state[0][21]                           ; Merged with state[0][3]                ;
; state[0][22]                           ; Merged with state[0][3]                ;
; state[0][23]                           ; Merged with state[0][3]                ;
; state[0][24]                           ; Merged with state[0][3]                ;
; state[0][25]                           ; Merged with state[0][3]                ;
; state[0][26]                           ; Merged with state[0][3]                ;
; state[0][27]                           ; Merged with state[0][3]                ;
; state[0][28]                           ; Merged with state[0][3]                ;
; state[0][29]                           ; Merged with state[0][3]                ;
; state[0][30]                           ; Merged with state[0][3]                ;
; state[0][31]                           ; Merged with state[0][3]                ;
; state[1][29]                           ; Merged with state[1][3]                ;
; state[1][30]                           ; Merged with state[1][3]                ;
; state[1][31]                           ; Merged with state[1][3]                ;
; state[1][4]                            ; Merged with state[1][3]                ;
; state[1][5]                            ; Merged with state[1][3]                ;
; state[1][6]                            ; Merged with state[1][3]                ;
; state[1][7]                            ; Merged with state[1][3]                ;
; state[1][8]                            ; Merged with state[1][3]                ;
; state[1][9]                            ; Merged with state[1][3]                ;
; state[1][10]                           ; Merged with state[1][3]                ;
; state[1][11]                           ; Merged with state[1][3]                ;
; state[1][12]                           ; Merged with state[1][3]                ;
; state[1][13]                           ; Merged with state[1][3]                ;
; state[1][14]                           ; Merged with state[1][3]                ;
; state[1][15]                           ; Merged with state[1][3]                ;
; state[1][16]                           ; Merged with state[1][3]                ;
; state[1][17]                           ; Merged with state[1][3]                ;
; state[1][18]                           ; Merged with state[1][3]                ;
; state[1][19]                           ; Merged with state[1][3]                ;
; state[1][20]                           ; Merged with state[1][3]                ;
; state[1][21]                           ; Merged with state[1][3]                ;
; state[1][22]                           ; Merged with state[1][3]                ;
; state[1][23]                           ; Merged with state[1][3]                ;
; state[1][24]                           ; Merged with state[1][3]                ;
; state[1][25]                           ; Merged with state[1][3]                ;
; state[1][26]                           ; Merged with state[1][3]                ;
; state[1][27]                           ; Merged with state[1][3]                ;
; state[1][28]                           ; Merged with state[1][3]                ;
; master_ack[0]~reg0                     ; Stuck at VCC due to stuck port data_in ;
; master_ack[1]~reg0                     ; Stuck at VCC due to stuck port data_in ;
; rr[1]                                  ; Stuck at GND due to stuck port data_in ;
; slave_addr[1][31]~reg0                 ; Stuck at VCC due to stuck port data_in ;
; state[0][3]                            ; Stuck at GND due to stuck port data_in ;
; Total Number of Removed Registers = 91 ;                                        ;
+----------------------------------------+----------------------------------------+


+------------------------------------------------------------------------------------+
; Removed Registers Triggering Further Register Optimizations                        ;
+---------------+---------------------------+----------------------------------------+
; Register name ; Reason for Removal        ; Registers Removed due to This Register ;
+---------------+---------------------------+----------------------------------------+
; rr[1]         ; Stuck at GND              ; slave_addr[1][31]~reg0, state[0][3]    ;
;               ; due to stuck port data_in ;                                        ;
+---------------+---------------------------+----------------------------------------+


+------------------------------------------------------+
; General Register Statistics                          ;
+----------------------------------------------+-------+
; Statistic                                    ; Value ;
+----------------------------------------------+-------+
; Total registers                              ; 203   ;
; Number of registers using Synchronous Clear  ; 0     ;
; Number of registers using Synchronous Load   ; 1     ;
; Number of registers using Asynchronous Clear ; 0     ;
; Number of registers using Asynchronous Load  ; 0     ;
; Number of registers using Clock Enable       ; 192   ;
; Number of registers using Preset             ; 0     ;
+----------------------------------------------+-------+


+--------------------------------------------------------------------------------------------------------------------------------------------------+
; Multiplexer Restructuring Statistics (Restructuring Performed)                                                                                   ;
+--------------------+-----------+---------------+----------------------+------------------------+------------+------------------------------------+
; Multiplexer Inputs ; Bus Width ; Baseline Area ; Area if Restructured ; Saving if Restructured ; Registered ; Example Multiplexer Output         ;
+--------------------+-----------+---------------+----------------------+------------------------+------------+------------------------------------+
; 4:1                ; 32 bits   ; 64 LEs        ; 32 LEs               ; 32 LEs                 ; Yes        ; |Crossbar|master_rdata[0][22]~reg0 ;
; 4:1                ; 32 bits   ; 64 LEs        ; 32 LEs               ; 32 LEs                 ; Yes        ; |Crossbar|master_rdata[1][15]~reg0 ;
; 6:1                ; 32 bits   ; 128 LEs       ; 32 LEs               ; 96 LEs                 ; Yes        ; |Crossbar|slave_addr[1][2]~reg0    ;
; 6:1                ; 32 bits   ; 128 LEs       ; 32 LEs               ; 96 LEs                 ; Yes        ; |Crossbar|slave_addr[0][4]~reg0    ;
; 7:1                ; 32 bits   ; 128 LEs       ; 32 LEs               ; 96 LEs                 ; Yes        ; |Crossbar|slave_wdata[1][19]~reg0  ;
; 7:1                ; 32 bits   ; 128 LEs       ; 32 LEs               ; 96 LEs                 ; Yes        ; |Crossbar|slave_wdata[0][28]~reg0  ;
; 4:1                ; 68 bits   ; 136 LEs       ; 136 LEs              ; 0 LEs                  ; No         ; |Crossbar|Mux33                    ;
; 4:1                ; 68 bits   ; 136 LEs       ; 136 LEs              ; 0 LEs                  ; No         ; |Crossbar|Mux191                   ;
+--------------------+-----------+---------------+----------------------+------------------------+------------+------------------------------------+


+--------------------------------------------------------------------------+
; Parameter Settings for User Entity Instance: Top-level Entity: |Crossbar ;
+----------------+-------+-------------------------------------------------+
; Parameter Name ; Value ; Type                                            ;
+----------------+-------+-------------------------------------------------+
; count          ; 2     ; Signed Integer                                  ;
+----------------+-------+-------------------------------------------------+
Note: In order to hide this table in the UI and the text report file, please set the "Show Parameter Settings Tables in Synthesis Report" option in "Analysis and Synthesis Settings -> More Settings" to "Off".


+-------------------------------+
; Analysis & Synthesis Messages ;
+-------------------------------+
Info: *******************************************************************
Info: Running Quartus II Analysis & Synthesis
    Info: Version 9.1 Build 350 03/24/2010 Service Pack 2 SJ Web Edition
    Info: Processing started: Fri Aug 31 08:28:51 2018
Info: Command: quartus_map --read_settings_files=on --write_settings_files=off Crossbar -c Crossbar
Info: Found 1 design units, including 1 entities, in source file crossbar.v
    Info: Found entity 1: Crossbar
Info: Elaborating entity "Crossbar" for the top level hierarchy
Warning (10762): Verilog HDL Case Statement warning at Crossbar.v(47): can't check case statement for completeness because the case expression has too many possible states
Warning: Output pins are stuck at VCC or GND
    Warning (13410): Pin "master_ack[0]" is stuck at VCC
    Warning (13410): Pin "master_ack[1]" is stuck at VCC
    Warning (13410): Pin "slave_addr[1][31]" is stuck at VCC
Info: Timing-Driven Synthesis is running
Info: Implemented 747 device resources after synthesis - the final resource count might be different
    Info: Implemented 199 input pins
    Info: Implemented 196 output pins
    Info: Implemented 352 logic cells
Info: Generated suppressed messages file C:/Projects/QuartusProjects/Crossbar/Crossbar.map.smsg
Info: Quartus II Analysis & Synthesis was successful. 0 errors, 5 warnings
    Info: Peak virtual memory: 251 megabytes
    Info: Processing ended: Fri Aug 31 08:28:57 2018
    Info: Elapsed time: 00:00:06
    Info: Total CPU time (on all processors): 00:00:05


+------------------------------------------+
; Analysis & Synthesis Suppressed Messages ;
+------------------------------------------+
The suppressed messages can be found in C:/Projects/QuartusProjects/Crossbar/Crossbar.map.smsg.


